Microchip MPLAB XC8 Compiler V2.20

Linker command line:

-W-3 --edf=C:\Program Files\Microchip\xc8\v2.20\pic\dat\en_msgs.txt -cn \
  -h+dist/default/production\Final.X.production.sym \
  --cmf=dist/default/production\Final.X.production.cmf -z -Q16F877A \
  -oC:\Users\mosta\AppData\Local\Temp\s29k.2 --defsym=__MPLAB_BUILD=1 \
  -Mdist/default/production/Final.X.production.map -E1 -ver=XC8 Compiler \
  --acfsm=1493 -ASTACK=0134h-016Fh -pstack=STACK -ACODE=00h-07FFhx4 \
  -ASTRCODE=00h-01FFFh -ASTRING=00h-0FFhx32 -ACONST=00h-0FFhx32 \
  -AENTRY=00h-0FFhx32 -ACOMMON=070h-07Fh -ABANK0=020h-06Fh \
  -ABANK1=0A0h-0EFh -ABANK2=0110h-016Fh -ABANK3=0190h-01EFh \
  -ARAM=020h-06Fh,0A0h-0EFh,0110h-016Fh,0190h-01EFh \
  -AABS1=020h-07Fh,0A0h-0EFh,0110h-016Fh,0190h-01EFh -ASFR0=00h-01Fh \
  -ASFR1=080h-09Fh -ASFR2=0100h-010Fh -ASFR3=0180h-018Fh \
  -ACONFIG=02007h-02007h -DCONFIG=2 -AIDLOC=02000h-02003h -DIDLOC=2 \
  -preset_vec=00h,intentry=04h,init,end_init -ppowerup=CODE -pcinit=CODE \
  -pfunctab=ENTRY -AEEDATA=00h-0FFh/02100h -peeprom_data=EEDATA -DEEDATA=2 \
  -DCODE=2 -DSTRCODE=2 -DSTRING=2 -DCONST=2 -DENTRY=2 -k \
  C:\Users\mosta\AppData\Local\Temp\s29k.o \
  dist/default/production\Final.X.production.o 

Object code version is 3.11

Machine type is 16F877A



                Name                               Link     Load   Length Selector   Space Scale
C:\Users\mosta\AppData\Local\Temp\s29k.o
                end_init                             12       12        3        8       0
                reset_vec                             0        0        3        0       0
                config                             2007     2007        1        0       4
dist/default/production\Final.X.production.o
                cinit                                15       15       3C        8       0
                functab                              51       51       3C       A2       0
                intentry                              4        4        E        8       0
                config                             2007     2007        1        0       4
                text73                              7FA      7FA        1      FF2       0
                text54                              E3E      E3E      1C2     1C7C       0
                text53                              650      650       AF      11A       0
                text52                              C7F      C7F       90     18FE       0
                text48                              ADE      ADE       41     15BC       0
                text47                              7F9      7F9        1      FF2       0
                text46                              97E      97E        E     12FC       0
                text45                              C08      C08       77     1810       0
                text44                              975      975        9     12EA       0
                text43                              A9E      A9E       40     153C       0
                text42                              A19      A19       23     1432       0
                text41                              9D7      9D7       21     13AE       0
                text39                              9F8      9F8       21     13F0       0
                text37                              B64      B64       48     16C8       0
                text35                              9AB      9AB       13     1356       0
                text33                              6FF      6FF       AB      11A       0
                text29                              98C      98C        E     1318       0
                text27                              9BE      9BE       19     137C       0
                text24                               8D       8D      3FB      11A       0
                text7                               488      488      1C8      11A       0
                text6                               DA3      DA3       9B     1B46       0
                text5                               D0F      D0F       94     1A1E       0
                text1                               B1F      B1F       45     163E       0
                maintext                            A3C      A3C       2B     1478       0
                cstackBANK0                          20       20       26       20       1
                cstackCOMMON                         70       70        E       70       1
                cstackBANK1                          E8       E8        3       A0       1
                clrtext                             96D      96D        8     12DA       0
                inittext                            99A      99A       11     1334       0
                bssBANK2                            110      110       24      110       1
                dataBANK3                           190      190       5C      190       1
                dataBANK1                            A0       A0       37       A0       1
                bssBANK1                             D7       D7       11       A0       1
                dataBANK0                            67       67        3       20       1
                bssBANK0                             46       46       21       20       1
                strings                             7AA      7AA       4F      F54       0
                idataBANK3                          BAC      BAC       5C     1758       0
                idataBANK1                          A67      A67       37     14CE       0

TOTAL           Name                               Link     Load   Length     Space
        CLASS   STACK          

        CLASS   CODE           
                end_init                             12       12        3         0
                cinit                                15       15       3C         0
                intentry                              4        4        E         0
                reset_vec                             0        0        3         0
                text73                              7FA      7FA        1         0
                text54                              E3E      E3E      1C2         0
                text53                              650      650       AF         0
                text52                              C7F      C7F       90         0
                text48                              ADE      ADE       41         0
                text47                              7F9      7F9        1         0
                text46                              97E      97E        E         0
                text45                              C08      C08       77         0
                text44                              975      975        9         0
                text43                              A9E      A9E       40         0
                text42                              A19      A19       23         0
                text41                              9D7      9D7       21         0
                text39                              9F8      9F8       21         0
                text37                              B64      B64       48         0
                text35                              9AB      9AB       13         0
                text33                              6FF      6FF       AB         0
                text29                              98C      98C        E         0
                text27                              9BE      9BE       19         0
                text24                               8D       8D      3FB         0
                text7                               488      488      1C8         0
                text6                               DA3      DA3       9B         0
                text5                               D0F      D0F       94         0
                text1                               B1F      B1F       45         0
                maintext                            A3C      A3C       2B         0
                clrtext                             96D      96D        8         0
                inittext                            99A      99A       11         0
                idataBANK3                          BAC      BAC       5C         0
                idataBANK1                          A67      A67       37         0

        CLASS   STRCODE        

        CLASS   STRING         
                strings                             7AA      7AA       4F         0

        CLASS   CONST          

        CLASS   ENTRY          
                functab                              51       51       3C         0

        CLASS   COMMON         
                cstackCOMMON                         70       70        E         1

        CLASS   BANK0          
                cstackBANK0                          20       20       26         1
                dataBANK0                            67       67        3         1
                bssBANK0                             46       46       21         1

        CLASS   BANK1          
                cstackBANK1                          E8       E8        3         1
                dataBANK1                            A0       A0       37         1
                bssBANK1                             D7       D7       11         1

        CLASS   BANK2          
                bssBANK2                            110      110       24         1

        CLASS   BANK3          
                dataBANK3                           190      190       5C         1

        CLASS   RAM            

        CLASS   ABS1           
                abs_s1                               7E       7E        2         1

        CLASS   SFR0           

        CLASS   SFR1           

        CLASS   SFR2           

        CLASS   SFR3           

        CLASS   CONFIG         
                config                             2007     2007        1         4

        CLASS   IDLOC          

        CLASS   EEDATA         



SEGMENTS        Name                           Load    Length   Top    Selector   Space  Class     Delta

                reset_vec                      000000  000003  000003         0       0  CODE        2
                intentry                       000004  00004D  000051         8       0  CODE        2
                cstackBANK0                    000020  00004A  00006A        20       1  BANK0       1
                cstackCOMMON                   000070  00000E  00007E        70       1  COMMON      1
                dataBANK1                      0000A0  00004B  0000EB        A0       1  BANK1       1
                functab                        000051  00003C  00008D        A2       0  ENTRY       2
                bssBANK2                       000110  000024  000134       110       1  BANK2       1
                text24                         00008D  00071D  0007AA       11A       0  CODE        2
                dataBANK3                      000190  00005C  0001EC       190       1  BANK3       1
                strings                        0007AA  00004F  0007F9       F54       0  STRING      2
                text47                         0007F9  000002  0007FB       FF2       0  CODE        2
                clrtext                        00096D  000008  000975      12DA       0  CODE        2
                text44                         000975  000009  00097E      12EA       0  CODE        2
                text46                         00097E  00000E  00098C      12FC       0  CODE        2
                text29                         00098C  00000E  00099A      1318       0  CODE        2
                inittext                       00099A  000011  0009AB      1334       0  CODE        2
                text35                         0009AB  000013  0009BE      1356       0  CODE        2
                text27                         0009BE  000019  0009D7      137C       0  CODE        2
                text41                         0009D7  000021  0009F8      13AE       0  CODE        2
                text39                         0009F8  000021  000A19      13F0       0  CODE        2
                text42                         000A19  000023  000A3C      1432       0  CODE        2
                maintext                       000A3C  00002B  000A67      1478       0  CODE        2
                idataBANK1                     000A67  000037  000A9E      14CE       0  CODE        2
                text43                         000A9E  000040  000ADE      153C       0  CODE        2
                text48                         000ADE  000041  000B1F      15BC       0  CODE        2
                text1                          000B1F  000045  000B64      163E       0  CODE        2
                text37                         000B64  000048  000BAC      16C8       0  CODE        2
                idataBANK3                     000BAC  00005C  000C08      1758       0  CODE        2
                text45                         000C08  000077  000C7F      1810       0  CODE        2
                text52                         000C7F  000090  000D0F      18FE       0  CODE        2
                text5                          000D0F  000094  000DA3      1A1E       0  CODE        2
                text6                          000DA3  00009B  000E3E      1B46       0  CODE        2
                text54                         000E3E  0001C2  001000      1C7C       0  CODE        2


UNUSED ADDRESS RANGES

        Name                Unused          Largest block    Delta
        BANK0            006A-006F              6           1
        BANK1            00EB-00EF              5           1
        BANK2            0134-016F             3C           1
        BANK3            01EC-01EF              4           1
        CODE             0003-0003              1           2
                         07FB-096C              5
                         1000-1FFF            800
        CONST            0003-0003              1           2
                         07FB-096C            100
                         1000-1FFF            100
        EEDATA           2100-21FF            100           2
        ENTRY            0003-0003              1           2
                         07FB-096C            100
                         1000-1FFF            100
        IDLOC            2000-2003              4           2
        RAM              006A-006F              6           1
                         00EB-00EF              5
                         0134-016F             3C
                         01EC-01EF              4
        SFR0             0000-001F             20           1
        SFR1             0080-009F             20           1
        SFR2             0100-010F             10           1
        SFR3             0180-018F             10           1
        STACK            0134-016F             3C           1
        STRCODE          0003-0003              1           2
                         07FB-096C            172
                         1000-1FFF           1000
        STRING           0003-0003              1           2
                         07FB-096C            100
                         1000-1FFF            100

                                  Symbol Table

?___aldiv                            cstackBANK0  0026
?___awdiv                            cstackCOMMON 0070
?___lldiv                            cstackBANK0  0026
?___lwdiv                            cstackBANK0  002C
?___lwmod                            cstackBANK0  0033
?___wmul                             cstackBANK0  0026
?i1___lwdiv                          cstackCOMMON 0070
?i1___lwmod                          cstackCOMMON 0077
Adc_Handler@x                        cstackCOMMON 0070
Adc_Init@Adc_Config                  cstackBANK0  0036
Adc_Init@i                           cstackBANK0  0034
Dio_ReadChannel@ChannelId            cstackBANK0  002B
Dio_ReadChannel@Pin_Ptr              cstackBANK0  0028
Dio_ReadChannel@output               cstackBANK0  002A
Dio_ReadChannel@x                    cstackBANK0  0027
Dio_WritePort@Level                  cstackBANK0  002B
Dio_WritePort@PortId                 cstackBANK0  002C
Dio_WritePort@Port_Ptr               cstackBANK0  002D
Disp_DisplayNb@Mode                  cstackBANK0  0038
Disp_DisplayNb@blinkFlag             bssBANK0     0054
Disp_DisplayNb@var                   cstackBANK0  003B
Disp_GetDislayValue@v                cstackBANK0  0028
Disp_Init@ConfigPtr                  cstackBANK0  0036
Disp_Init@i                          cstackBANK0  0037
Eep_Init@ConfigPtr                   cstackBANK0  0035
Eep_Read@DataBufferPtr               cstackBANK0  0027
Eep_Read@EepromAddress               cstackBANK0  002D
Eep_Read@Length                      cstackBANK0  0028
Eep_Read@i                           cstackBANK0  002B
Gpt_Init@ConfigPtr                   cstackBANK0  0036
I2c_Init@Config_Ptr                  cstackBANK0  0034
I2c_ReadIB@DataBufferPtr             cstackBANK0  0026
I2c_WriteIB@DataBufferPtr            cstackBANK0  0026
I2c_WriteSlaveAddress@data           cstackBANK0  0026
Init_Task@i                          cstackBANK1  00E9
Interrupt_Enable@Interrupt_Source    cstackBANK0  0027
Interrupt_Enable@callback            cstackBANK0  0026
Os2_AddThreads@Tasks                 cstackBANK0  0027
Os2_AddThreads@i                     cstackBANK0  0028
Os2_Init@EndTimes                    cstackBANK0  0027
Os2_Init@i                           cstackBANK0  0028
Port_Init@ConfigPtr                  cstackBANK0  0029
Port_Init@Port_Dir_Ptr               cstackBANK0  0030
Port_Init@Port_Ptr                   cstackBANK0  002E
Port_InitPort@ConfigPtr              cstackBANK0  0032
Port_InitPort@i                      cstackBANK0  0033
Pwm_Init@ConfigPtr                   cstackBANK0  003D
Pwm_Init@DutyCycle                   cstackBANK0  003B
Pwm_Init@F1289                       bssBANK1     00E0
Pwm_Init@Gpt_Config2                 cstackBANK0  003E
TempSensor_Init@ConfigPtr            cstackBANK0  0037
TempSystem_Init@ConfigPtr            cstackBANK1  00E8
_ACKSTAT                             (abs)        048E
_ADCON0                              (abs)        001F
_ADCON1                              (abs)        009F
_ADIE                                (abs)        0466
_ADIF                                (abs)        0066
_ADRESH                              (abs)        001E
_ADRESL                              (abs)        009E
_Adc_CallbackFn                      text45       0C08
_Adc_Handler                         text73       07FA
_Adc_Init                            text33       06FF
_Adc_PortConfig                      dataBANK3    01C8
_Adc_Result                          bssBANK0     005F
_Adc_ThisConfiguration               bssBANK0     0060
_BlinkingPeriod                      bssBANK0     0056
_CCP1CON                             (abs)        0017
_CCPR1L                              (abs)        0015
_Dio_ConfigGroupChannel              dataBANK3    0190
_Dio_ReadChannel                     text6        0E10
_Dio_WritePort                       text7        056E
_Disp_Config                         dataBANK1    00B8
_Disp_DisplayNb                      text7        0499
_Disp_GetDislayValue                 text7        057D
_Disp_Init                           text24       042E
_Disp_PinsConfiguration              dataBANK1    00A0
_Eep_Config                          dataBANK0    0067
_Eep_Init                            text35       09AB
_Eep_Read                            text5        0D34
_Eep_ThisConfiguration               bssBANK0     005E
_Eeprom_Address                      bssBANK0     0065
_EndTimes                            dataBANK3    01D1
_GIE                                 (abs)        005F
_Gpt_Config                          dataBANK1    00A9
_Gpt_Init                            text24       0180
_Gpt_ReloadValue                     bssBANK0     0058
_Gpt_ThisConfiguration_1             bssBANK0     0063
_I2C_ACK                             text5        0D8B
_I2C_Master_RepeatedStart            text5        0D70
_I2C_Master_Start                    text5        0D90
_I2C_Master_Stop                     text5        0DA0
_I2C_Master_Wait                     text5        0D83
_I2c_Config                          dataBANK3    01B1
_I2c_ConfigPins                      dataBANK1    00CB
_I2c_Init                            text24       0353
_I2c_ReadIB                          text5        0D24
_I2c_ThisConfiguration               bssBANK0     0062
_I2c_WriteIB                         text5        0D93
_I2c_WriteSlaveAddress               text5        0D73
_INTE                                (abs)        005C
_INTEDG                              (abs)        040E
_INTF                                (abs)        0059
_ISR                                 text43       0A9E
_Init_Task                           text24       008D
_Interrupt_Enable                    text33       076F
_Interrupt_TimerCallbackFn           text46       097E
_Os2_AddThreads                      text42       0A19
_Os2_Init                            text41       09D7
_Os2_scheduler                       text1        0B25
_Os2_start                           text1        0B1F
_PEIE                                (abs)        005E
_PR2                                 (abs)        0092
_Port_ButtonsConfig                  dataBANK3    01A2
_Port_Init                           text24       039A
_Port_InitPort                       text39       09F8
_Pwm_Channels                        dataBANK1    00C5
_Pwm_Config                          dataBANK1    00B1
_Pwm_Init                            text24       00D4
_Pwm_ThisConfiguration               bssBANK0     0061
_RCIE                                (abs)        0465
_RCIF                                (abs)        0065
_RCREG                               (abs)        001A
_RX_Data                             bssBANK0     005D
_SSPADD                              (abs)        0093
_SSPBUF                              (abs)        0013
_SSPCON                              (abs)        0014
_SSPCON2                             (abs)        0091
_SSPIF                               (abs)        0063
_SSPSTAT                             (abs)        0094
_SetTemp                             bssBANK0     0066
_State                               bssBANK0     0064
_States_EndTime                      bssBANK1     00D7
_T1CON                               (abs)        0010
_T2CON                               (abs)        0012
_TMR1                                (abs)        000E
_TMR1IE                              (abs)        0460
_TMR1IF                              (abs)        0060
_TXIE                                (abs)        0464
_TXIF                                (abs)        0064
_TaskTable                           bssBANK0     0046
_Tasks                               dataBANK3    01DA
_TempSensor_Config                   dataBANK3    01BD
_TempSensor_Init                     text24       0484
_TempSystem_Configurations           dataBANK1    00D1
_TempSystem_Init                     text24       00BF
_TickCount                           bssBANK0     005C
_TickHandler                         text48       0ADE
_Uart_PinsConfig                     dataBANK1    00BF
_Uart_RX_Callback                    text44       0975
_Uart_TX_Callback                    text47       07F9
__Habs1                              abs1         0000
__Hbank0                             bank0        0000
__Hbank1                             bank1        0000
__Hbank2                             bank2        0000
__Hbank3                             bank3        0000
__HbssBANK0                          bssBANK0     0000
__HbssBANK1                          bssBANK1     0000
__HbssBANK2                          bssBANK2     0000
__Hcinit                             cinit        0051
__Hclrtext                           clrtext      0000
__Hcode                              code         0000
__Hcommon                            common       0000
__Hconfig                            config       2008
__HcstackBANK0                       cstackBANK0  0000
__HcstackBANK1                       cstackBANK1  0000
__HcstackCOMMON                      cstackCOMMON 0000
__HdataBANK0                         dataBANK0    0000
__HdataBANK1                         dataBANK1    0000
__HdataBANK3                         dataBANK3    0000
__Heeprom_data                       eeprom_data  0000
__Hend_init                          end_init     0015
__Hfunctab                           functab      008D
__HidataBANK0                        idataBANK0   0000
__HidataBANK1                        idataBANK1   0000
__HidataBANK3                        idataBANK3   0000
__Hinit                              init         0012
__Hinittext                          inittext     0000
__Hintentry                          intentry     0012
__Hmaintext                          maintext     0000
__Hpa_nodes0                         pa_nodes0    0000
__Hpowerup                           powerup      0000
__Hram                               ram          0000
__Hreset_vec                         reset_vec    0003
__Hsfr0                              sfr0         0000
__Hsfr1                              sfr1         0000
__Hsfr2                              sfr2         0000
__Hsfr3                              sfr3         0000
__Hspace_0                           (abs)        1000
__Hspace_1                           (abs)        01EC
__Hspace_2                           (abs)        0000
__Hspace_3                           (abs)        0000
__Hspace_4                           (abs)        400F
__Hstack                             stack        0000
__Hstrings                           strings      0000
__Htext                              text         0000
__Labs1                              abs1         0000
__Lbank0                             bank0        0000
__Lbank1                             bank1        0000
__Lbank2                             bank2        0000
__Lbank3                             bank3        0000
__LbssBANK0                          bssBANK0     0000
__LbssBANK1                          bssBANK1     0000
__LbssBANK2                          bssBANK2     0000
__Lcinit                             cinit        0015
__Lclrtext                           clrtext      0000
__Lcode                              code         0000
__Lcommon                            common       0000
__Lconfig                            config       0000
__LcstackBANK0                       cstackBANK0  0000
__LcstackBANK1                       cstackBANK1  0000
__LcstackCOMMON                      cstackCOMMON 0000
__LdataBANK0                         dataBANK0    0000
__LdataBANK1                         dataBANK1    0000
__LdataBANK3                         dataBANK3    0000
__Leeprom_data                       eeprom_data  0000
__Lend_init                          end_init     0012
__Lfunctab                           functab      0051
__LidataBANK0                        idataBANK0   0000
__LidataBANK1                        idataBANK1   0000
__LidataBANK3                        idataBANK3   0000
__Linit                              init         0012
__Linittext                          inittext     0000
__Lintentry                          intentry     0004
__Lmaintext                          maintext     0000
__Lpa_nodes0                         pa_nodes0    0000
__Lpowerup                           powerup      0000
__Lram                               ram          0000
__Lreset_vec                         reset_vec    0000
__Lsfr0                              sfr0         0000
__Lsfr1                              sfr1         0000
__Lsfr2                              sfr2         0000
__Lsfr3                              sfr3         0000
__Lspace_0                           (abs)        0000
__Lspace_1                           (abs)        0000
__Lspace_2                           (abs)        0000
__Lspace_3                           (abs)        0000
__Lspace_4                           (abs)        0000
__Lstack                             stack        0000
__Lstrings                           strings      0000
__Ltext                              text         0000
__S0                                 (abs)        1000
__S1                                 (abs)        01EC
__S2                                 (abs)        0000
__S3                                 (abs)        0000
___aldiv                             text24       02DE
___aldiv@counter                     cstackBANK0  002E
___aldiv@dividend                    cstackBANK0  002A
___aldiv@divisor                     cstackBANK0  0026
___aldiv@quotient                    cstackBANK0  0030
___aldiv@sign                        cstackBANK0  002F
___awdiv                             text45       0C3A
___awdiv@counter                     cstackCOMMON 0074
___awdiv@dividend                    cstackCOMMON 0072
___awdiv@divisor                     cstackCOMMON 0070
___awdiv@quotient                    cstackCOMMON 0076
___awdiv@sign                        cstackCOMMON 0075
___bmul                              text29       098C
___bmul@multiplicand                 cstackBANK0  0026
___bmul@multiplier                   cstackBANK0  0028
___bmul@product                      cstackBANK0  0027
___int_sp                            stack        0000
___latbits                           (abs)        0002
___lbdiv                             text7        05F5
___lbdiv@counter                     cstackBANK0  0028
___lbdiv@dividend                    cstackBANK0  0027
___lbdiv@divisor                     cstackBANK0  0026
___lbdiv@quotient                    cstackBANK0  0029
___lbmod                             text7        0610
___lbmod@counter                     cstackBANK0  0029
___lbmod@dividend                    cstackBANK0  0028
___lbmod@divisor                     cstackBANK0  0026
___lbmod@rem                         cstackBANK0  002A
___lldiv                             text37       0B64
___lldiv@counter                     cstackBANK0  0032
___lldiv@dividend                    cstackBANK0  002A
___lldiv@divisor                     cstackBANK0  0026
___lldiv@quotient                    cstackBANK0  002E
___lwdiv                             text7        05CB
___lwdiv@counter                     cstackBANK0  0030
___lwdiv@dividend                    cstackBANK0  002E
___lwdiv@divisor                     cstackBANK0  002C
___lwdiv@quotient                    cstackBANK0  0031
___lwmod                             text7        062C
___lwmod@counter                     cstackBANK0  0037
___lwmod@dividend                    cstackBANK0  0035
___lwmod@divisor                     cstackBANK0  0033
___sp                                stack        0000
___stackhi                           (abs)        0000
___stacklo                           (abs)        0000
___wmul                              text27       09BE
___wmul@multiplicand                 cstackBANK0  0028
___wmul@multiplier                   cstackBANK0  0026
___wmul@product                      cstackBANK0  002A
__end_of_Adc_CallbackFn              text45       0C3A
__end_of_Adc_Handler                 text73       07FB
__end_of_Adc_Init                    text33       076F
__end_of_Dio_ReadChannel             text6        0E3E
__end_of_Dio_WritePort               text7        057D
__end_of_Disp_DisplayNb              text7        056E
__end_of_Disp_GetDislayValue         text7        05CB
__end_of_Disp_Init                   text24       0484
__end_of_Eep_Init                    text35       09BE
__end_of_Eep_Read                    text5        0D70
__end_of_Gpt_Init                    text24       02DE
__end_of_I2C_ACK                     text5        0D90
__end_of_I2C_Master_RepeatedStart    text5        0D73
__end_of_I2C_Master_Start            text5        0D93
__end_of_I2C_Master_Stop             text5        0DA3
__end_of_I2C_Master_Wait             text5        0D8B
__end_of_I2c_Init                    text24       039A
__end_of_I2c_ReadIB                  text5        0D34
__end_of_I2c_WriteIB                 text5        0DA0
__end_of_I2c_WriteSlaveAddress       text5        0D83
__end_of_ISR                         text43       0ADE
__end_of_Init_Task                   text24       00BF
__end_of_Interrupt_Enable            text33       07AA
__end_of_Interrupt_TimerCallbackFn   text46       098C
__end_of_Os2_AddThreads              text42       0A3C
__end_of_Os2_Init                    text41       09F8
__end_of_Os2_scheduler               text1        0B64
__end_of_Os2_start                   text1        0B25
__end_of_Port_Init                   text24       042E
__end_of_Port_InitPort               text39       0A19
__end_of_Pwm_Init                    text24       0180
__end_of_TempSensor_Init             text24       0488
__end_of_TempSystem_Init             text24       00D4
__end_of_TickHandler                 text48       0AE0
__end_of_Uart_RX_Callback            text44       097E
__end_of_Uart_TX_Callback            text47       07FA
__end_of___aldiv                     text24       0353
__end_of___awdiv                     text45       0C7F
__end_of___bmul                      text29       099A
__end_of___lbdiv                     text7        0610
__end_of___lbmod                     text7        062C
__end_of___lldiv                     text37       0BAC
__end_of___lwdiv                     text7        05F5
__end_of___lwmod                     text7        0650
__end_of___wmul                      text27       09D7
__end_of__fptable                    functab      0066
__end_of__i1fptable                  functab      008D
__end_of__initialization             cinit        004D
__end_of__stringtab                  strings      07B0
__end_of_main                        maintext     0A67
__end_of_task1                       text6        0DBB
__end_of_task2                       text5        0D24
__end_of_task3                       text6        0DE0
__end_of_task4                       text6        0E10
__end_of_task5                       text7        0499
__end_ofi1_Dio_ReadChannel           text53       06FF
__end_ofi1_Dio_WritePort             text54       0F2D
__end_ofi1_Disp_DisplayNb            text54       0F1E
__end_ofi1_Disp_GetDislayValue       text54       0F7B
__end_ofi1_Eep_Read                  text52       0CDD
__end_ofi1_I2C_ACK                   text52       0CFC
__end_ofi1_I2C_Master_RepeatedStart  text52       0CE0
__end_ofi1_I2C_Master_Start          text52       0CFF
__end_ofi1_I2C_Master_Stop           text52       0D0F
__end_ofi1_I2C_Master_Wait           text52       0CF7
__end_ofi1_I2c_ReadIB                text52       0CA4
__end_ofi1_I2c_WriteIB               text52       0D0C
__end_ofi1_I2c_WriteSlaveAddress     text52       0CEF
__end_ofi1_Os2_scheduler             text48       0B1F
__end_ofi1___lbdiv                   text54       0F96
__end_ofi1___lbmod                   text54       0FB2
__end_ofi1___lwdiv                   text54       0FDC
__end_ofi1___lwmod                   text54       1000
__end_ofi1_task1                     text53       066C
__end_ofi1_task2                     text52       0C94
__end_ofi1_task3                     text53       0697
__end_ofi1_task4                     text53       06D3
__end_ofi1_task5                     text54       0E4F
__fptable                            functab      0051
__i1fptable                          functab      0066
__initialization                     cinit        0015
__pbssBANK0                          bssBANK0     0046
__pbssBANK1                          bssBANK1     00D7
__pbssBANK2                          bssBANK2     0110
__pcstackBANK0                       cstackBANK0  0020
__pcstackBANK1                       cstackBANK1  00E8
__pcstackCOMMON                      cstackCOMMON 0070
__pdataBANK0                         dataBANK0    0067
__pdataBANK1                         dataBANK1    00A0
__pdataBANK3                         dataBANK3    0190
__pfunctab                           functab      0051
__pidataBANK0                        idataBANK0   0000
__pidataBANK1                        idataBANK1   0A67
__pidataBANK3                        idataBANK3   0BAC
__pintentry                          intentry     0004
__pmaintext                          maintext     0A3C
__pstrings                           strings      07AA
__ptext1                             text1        0B1F
__ptext10                            text7        0610
__ptext11                            text7        05F5
__ptext12                            text7        057D
__ptext13                            text7        056E
__ptext14                            text5        0D34
__ptext15                            text5        0D73
__ptext16                            text5        0D93
__ptext17                            text5        0D24
__ptext18                            text5        0DA0
__ptext19                            text5        0D90
__ptext2                             text1        0B25
__ptext20                            text5        0D70
__ptext21                            text5        0D8B
__ptext22                            text5        0D83
__ptext23                            text6        0E10
__ptext24                            text24       008D
__ptext25                            text24       00BF
__ptext26                            text24       00D4
__ptext27                            text27       09BE
__ptext28                            text7        05CB
__ptext29                            text29       098C
__ptext3                             text6        0DE0
__ptext30                            text24       0180
__ptext31                            text24       02DE
__ptext32                            text24       0484
__ptext33                            text33       06FF
__ptext34                            text33       076F
__ptext35                            text35       09AB
__ptext36                            text24       0353
__ptext37                            text37       0B64
__ptext38                            text24       042E
__ptext39                            text39       09F8
__ptext4                             text6        0DBB
__ptext40                            text24       039A
__ptext41                            text41       09D7
__ptext42                            text42       0A19
__ptext43                            text43       0A9E
__ptext44                            text44       0975
__ptext45                            text45       0C08
__ptext46                            text46       097E
__ptext47                            text47       07F9
__ptext48                            text48       0ADE
__ptext49                            text48       0AE0
__ptext5                             text5        0D0F
__ptext50                            text53       0697
__ptext51                            text53       066C
__ptext52                            text52       0C7F
__ptext53                            text53       0650
__ptext54                            text54       0E3E
__ptext55                            text54       0E4F
__ptext56                            text54       0FDC
__ptext57                            text54       0FB2
__ptext58                            text54       0F96
__ptext59                            text54       0F7B
__ptext6                             text6        0DA3
__ptext60                            text54       0F2D
__ptext61                            text54       0F1E
__ptext62                            text52       0CA4
__ptext63                            text52       0CE0
__ptext64                            text52       0CFF
__ptext65                            text52       0C94
__ptext66                            text52       0D0C
__ptext67                            text52       0CFC
__ptext68                            text52       0CDD
__ptext69                            text52       0CF7
__ptext7                             text7        0488
__ptext70                            text52       0CEF
__ptext71                            text53       06D3
__ptext72                            text45       0C3A
__ptext73                            text73       07FA
__ptext8                             text7        0499
__ptext9                             text7        062C
__size_of_Adc_CallbackFn             (abs)        0000
__size_of_Adc_Handler                (abs)        0000
__size_of_Adc_Init                   (abs)        0000
__size_of_Dio_ReadChannel            (abs)        0000
__size_of_Dio_WritePort              (abs)        0000
__size_of_Disp_DisplayNb             (abs)        0000
__size_of_Disp_GetDislayValue        (abs)        0000
__size_of_Disp_Init                  (abs)        0000
__size_of_Eep_Init                   (abs)        0000
__size_of_Eep_Read                   (abs)        0000
__size_of_Gpt_Init                   (abs)        0000
__size_of_I2C_ACK                    (abs)        0000
__size_of_I2C_Master_RepeatedStart   (abs)        0000
__size_of_I2C_Master_Start           (abs)        0000
__size_of_I2C_Master_Stop            (abs)        0000
__size_of_I2C_Master_Wait            (abs)        0000
__size_of_I2c_Init                   (abs)        0000
__size_of_I2c_ReadIB                 (abs)        0000
__size_of_I2c_WriteIB                (abs)        0000
__size_of_I2c_WriteSlaveAddress      (abs)        0000
__size_of_ISR                        (abs)        0000
__size_of_Init_Task                  (abs)        0000
__size_of_Interrupt_Enable           (abs)        0000
__size_of_Interrupt_TimerCallbackFn  (abs)        0000
__size_of_Os2_AddThreads             (abs)        0000
__size_of_Os2_Init                   (abs)        0000
__size_of_Os2_scheduler              (abs)        0000
__size_of_Os2_start                  (abs)        0000
__size_of_Port_Init                  (abs)        0000
__size_of_Port_InitPort              (abs)        0000
__size_of_Pwm_Init                   (abs)        0000
__size_of_TempSensor_Init            (abs)        0000
__size_of_TempSystem_Init            (abs)        0000
__size_of_TickHandler                (abs)        0000
__size_of_Uart_RX_Callback           (abs)        0000
__size_of_Uart_TX_Callback           (abs)        0000
__size_of___aldiv                    (abs)        0000
__size_of___awdiv                    (abs)        0000
__size_of___bmul                     (abs)        0000
__size_of___lbdiv                    (abs)        0000
__size_of___lbmod                    (abs)        0000
__size_of___lldiv                    (abs)        0000
__size_of___lwdiv                    (abs)        0000
__size_of___lwmod                    (abs)        0000
__size_of___wmul                     (abs)        0000
__size_of__fptable                   (abs)        0000
__size_of__i1fptable                 (abs)        0000
__size_of_main                       (abs)        0000
__size_of_task1                      (abs)        0000
__size_of_task2                      (abs)        0000
__size_of_task3                      (abs)        0000
__size_of_task4                      (abs)        0000
__size_of_task5                      (abs)        0000
__size_ofi1_Dio_ReadChannel          (abs)        0000
__size_ofi1_Dio_WritePort            (abs)        0000
__size_ofi1_Disp_DisplayNb           (abs)        0000
__size_ofi1_Disp_GetDislayValue      (abs)        0000
__size_ofi1_Eep_Read                 (abs)        0000
__size_ofi1_I2C_ACK                  (abs)        0000
__size_ofi1_I2C_Master_RepeatedStart (abs)        0000
__size_ofi1_I2C_Master_Start         (abs)        0000
__size_ofi1_I2C_Master_Stop          (abs)        0000
__size_ofi1_I2C_Master_Wait          (abs)        0000
__size_ofi1_I2c_ReadIB               (abs)        0000
__size_ofi1_I2c_WriteIB              (abs)        0000
__size_ofi1_I2c_WriteSlaveAddress    (abs)        0000
__size_ofi1_Os2_scheduler            (abs)        0000
__size_ofi1___lbdiv                  (abs)        0000
__size_ofi1___lbmod                  (abs)        0000
__size_ofi1___lwdiv                  (abs)        0000
__size_ofi1___lwmod                  (abs)        0000
__size_ofi1_task1                    (abs)        0000
__size_ofi1_task2                    (abs)        0000
__size_ofi1_task3                    (abs)        0000
__size_ofi1_task4                    (abs)        0000
__size_ofi1_task5                    (abs)        0000
__stringbase                         strings      07AF
__stringtab                          strings      07AA
_callbackTable                       bssBANK0     004F
_ii                                  bssBANK0     005A
_main                                maintext     0A3C
_task1                               text6        0DA3
_task2                               text5        0D0F
_task3                               text6        0DBB
_task4                               text6        0DE0
_task5                               text7        0488
btemp                                (abs)        007E
clear_ram0                           clrtext      096D
end_of_initialization                cinit        004D
entry__task1                         functab      0063
entry__task2                         functab      0060
entry__task3                         functab      005D
entry__task4                         functab      005A
entry__task5                         functab      0057
fpbase                               functab      0056
fptable                              functab      0051
fptotal                              (abs)        000A
i1Dio_ReadChannel@ChannelId          cstackCOMMON 0075
i1Dio_ReadChannel@Pin_Ptr            cstackCOMMON 0072
i1Dio_ReadChannel@output             cstackCOMMON 0074
i1Dio_ReadChannel@x                  cstackCOMMON 0071
i1Dio_WritePort@Level                cstackCOMMON 0075
i1Dio_WritePort@PortId               cstackCOMMON 0076
i1Dio_WritePort@Port_Ptr             cstackCOMMON 0077
i1Disp_DisplayNb@Mode                cstackCOMMON 007C
i1Disp_DisplayNb@var                 cstackCOMMON 007D
i1Disp_GetDislayValue@v              cstackCOMMON 0072
i1Eep_Read@DataBufferPtr             cstackCOMMON 0071
i1Eep_Read@EepromAddress             cstackCOMMON 0077
i1Eep_Read@Length                    cstackCOMMON 0072
i1Eep_Read@i                         cstackCOMMON 0075
i1I2c_ReadIB@DataBufferPtr           cstackCOMMON 0070
i1I2c_WriteIB@DataBufferPtr          cstackCOMMON 0070
i1I2c_WriteSlaveAddress@data         cstackCOMMON 0070
i1_Dio_ReadChannel                   text53       06D3
i1_Dio_WritePort                     text54       0F1E
i1_Disp_DisplayNb                    text54       0E4F
i1_Disp_GetDislayValue               text54       0F2D
i1_Eep_Read                          text52       0CA4
i1_I2C_ACK                           text52       0CF7
i1_I2C_Master_RepeatedStart          text52       0CDD
i1_I2C_Master_Start                  text52       0CFC
i1_I2C_Master_Stop                   text52       0D0C
i1_I2C_Master_Wait                   text52       0CEF
i1_I2c_ReadIB                        text52       0C94
i1_I2c_WriteIB                       text52       0CFF
i1_I2c_WriteSlaveAddress             text52       0CE0
i1_Os2_scheduler                     text48       0AE0
i1___lbdiv                           text54       0F7B
i1___lbdiv@counter                   cstackCOMMON 0072
i1___lbdiv@dividend                  cstackCOMMON 0071
i1___lbdiv@divisor                   cstackCOMMON 0070
i1___lbdiv@quotient                  cstackCOMMON 0073
i1___lbmod                           text54       0F96
i1___lbmod@counter                   cstackCOMMON 0073
i1___lbmod@dividend                  cstackCOMMON 0072
i1___lbmod@divisor                   cstackCOMMON 0070
i1___lbmod@rem                       cstackCOMMON 0074
i1___lwdiv                           text54       0FB2
i1___lwdiv@counter                   cstackCOMMON 0076
i1___lwdiv@dividend                  cstackCOMMON 0072
i1___lwdiv@divisor                   cstackCOMMON 0070
i1___lwdiv@quotient                  cstackCOMMON 0074
i1___lwmod                           text54       0FDC
i1___lwmod@counter                   cstackCOMMON 007B
i1___lwmod@dividend                  cstackCOMMON 0079
i1___lwmod@divisor                   cstackCOMMON 0077
i1_task1                             text53       0650
i1_task2                             text52       0C7F
i1_task3                             text53       066C
i1_task4                             text53       0697
i1_task5                             text54       0E3E
i1fpbase                             functab      006B
i1fptable                            functab      0066
i1fptotal                            (abs)        0014
init_fetch0                          inittext     099A
init_ram0                            inittext     099E
interrupt_function                   intentry     0004
intlevel0                            functab      0051
intlevel1                            functab      0051
intlevel2                            functab      0051
intlevel3                            functab      0051
intlevel4                            functab      0051
intlevel5                            functab      0051
reset_vec                            reset_vec    0000
saved_w                              (abs)        007E
start                                init         0012
start_initialization                 cinit        0015
wtemp0                               (abs)        007E


FUNCTION INFORMATION:

 *************** function _main *****************
 Defined at:
		line 317 in file "main.c"
 Parameters:    Size  Location     Type
		None
 Auto vars:     Size  Location     Type
		None
 Return value:  Size  Location     Type
                  2  136[None  ] int 
 Registers used:
		wreg, fsr0l, fsr0h, status,2, status,0, btemp+1, pclath, cstack
 Tracked objects:
		On entry : 
		On exit  : 
		Unchanged: 
 Data sizes:     COMMON   BANK0   BANK1   BANK3   BANK2
      Params:         0       0       0       0       0
      Locals:         0       0       0       0       0
      Temps:          0       0       0       0       0
      Totals:         0       0       0       0       0
Total ram usage:        0 bytes
 Hardware stack levels required when called:   14
 This function calls:
		_Os2_AddThreads
		_Os2_Init
		_Os2_start
		_task1
		_task2
		_task3
		_task4
		_task5
 This function is called by:
		Startup code after reset
 This function uses a non-reentrant model


 *************** function _Os2_start *****************
 Defined at:
		line 26 in file "OS/OS2.c"
 Parameters:    Size  Location     Type
		None
 Auto vars:     Size  Location     Type
		None
 Return value:  Size  Location     Type
                  1    wreg      void 
 Registers used:
		wreg, fsr0l, fsr0h, status,2, status,0, btemp+1, pclath, cstack
 Tracked objects:
		On entry : 
		On exit  : 
		Unchanged: 
 Data sizes:     COMMON   BANK0   BANK1   BANK3   BANK2
      Params:         0       0       0       0       0
      Locals:         0       0       0       0       0
      Temps:          0       0       0       0       0
      Totals:         0       0       0       0       0
Total ram usage:        0 bytes
 Hardware stack levels used:    1
 Hardware stack levels required when called:   13
 This function calls:
		_Init_Task
		_Os2_scheduler
 This function is called by:
		_main
 This function uses a non-reentrant model


 *************** function _Os2_scheduler *****************
 Defined at:
		line 41 in file "OS/OS2.c"
 Parameters:    Size  Location     Type
		None
 Auto vars:     Size  Location     Type
		None
 Return value:  Size  Location     Type
                  1    wreg      void 
 Registers used:
		wreg, fsr0l, fsr0h, status,2, status,0, pclath, cstack
 Tracked objects:
		On entry : 
		On exit  : 
		Unchanged: 
 Data sizes:     COMMON   BANK0   BANK1   BANK3   BANK2
      Params:         0       0       0       0       0
      Locals:         0       0       0       0       0
      Temps:          0       0       0       0       0
      Totals:         0       0       0       0       0
Total ram usage:        0 bytes
 Hardware stack levels used:    1
 Hardware stack levels required when called:   12
 This function calls:
		_task1
		_task2
		_task3
		_task4
		_task5
 This function is called by:
		_Os2_start
 This function uses a non-reentrant model


 *************** function _task4 *****************
 Defined at:
		line 395 in file "main.c"
 Parameters:    Size  Location     Type
		None
 Auto vars:     Size  Location     Type
		None
 Return value:  Size  Location     Type
                  1    wreg      void 
 Registers used:
		wreg, fsr0l, fsr0h, status,2, status,0, pclath, cstack
 Tracked objects:
		On entry : 
		On exit  : 
		Unchanged: 
 Data sizes:     COMMON   BANK0   BANK1   BANK3   BANK2
      Params:         0       0       0       0       0
      Locals:         0       0       0       0       0
      Temps:          0       0       0       0       0
      Totals:         0       0       0       0       0
Total ram usage:        0 bytes
 Hardware stack levels used:    1
 Hardware stack levels required when called:    9
 This function calls:
		_Dio_ReadChannel
 This function is called by:
		_main
		i1_Os2_scheduler
		_Os2_scheduler
 This function uses a non-reentrant model


 *************** function _task3 *****************
 Defined at:
		line 377 in file "main.c"
 Parameters:    Size  Location     Type
		None
 Auto vars:     Size  Location     Type
		None
 Return value:  Size  Location     Type
                  1    wreg      void 
 Registers used:
		wreg, fsr0l, fsr0h, status,2, status,0, pclath, cstack
 Tracked objects:
		On entry : 
		On exit  : 
		Unchanged: 
 Data sizes:     COMMON   BANK0   BANK1   BANK3   BANK2
      Params:         0       0       0       0       0
      Locals:         0       0       0       0       0
      Temps:          0       0       0       0       0
      Totals:         0       0       0       0       0
Total ram usage:        0 bytes
 Hardware stack levels used:    1
 Hardware stack levels required when called:    9
 This function calls:
		_Dio_ReadChannel
 This function is called by:
		_main
		i1_Os2_scheduler
		_Os2_scheduler
 This function uses a non-reentrant model


 *************** function _task2 *****************
 Defined at:
		line 360 in file "main.c"
 Parameters:    Size  Location     Type
		None
 Auto vars:     Size  Location     Type
		None
 Return value:  Size  Location     Type
                  1    wreg      void 
 Registers used:
		wreg, fsr0l, fsr0h, status,2, status,0, pclath, cstack
 Tracked objects:
		On entry : 
		On exit  : 
		Unchanged: 
 Data sizes:     COMMON   BANK0   BANK1   BANK3   BANK2
      Params:         0       0       0       0       0
      Locals:         0       0       0       0       0
      Temps:          0       0       0       0       0
      Totals:         0       0       0       0       0
Total ram usage:        0 bytes
 Hardware stack levels used:    1
 Hardware stack levels required when called:   11
 This function calls:
		_Eep_Read
 This function is called by:
		_main
		i1_Os2_scheduler
		_Os2_scheduler
 This function uses a non-reentrant model


 *************** function _task1 *****************
 Defined at:
		line 340 in file "main.c"
 Parameters:    Size  Location     Type
		None
 Auto vars:     Size  Location     Type
		None
 Return value:  Size  Location     Type
                  1    wreg      void 
 Registers used:
		wreg, fsr0l, fsr0h, status,2, status,0, pclath, cstack
 Tracked objects:
		On entry : 
		On exit  : 
		Unchanged: 
 Data sizes:     COMMON   BANK0   BANK1   BANK3   BANK2
      Params:         0       0       0       0       0
      Locals:         0       0       0       0       0
      Temps:          0       0       0       0       0
      Totals:         0       0       0       0       0
Total ram usage:        0 bytes
 Hardware stack levels used:    1
 Hardware stack levels required when called:    9
 This function calls:
		_Dio_ReadChannel
 This function is called by:
		_main
		i1_Os2_scheduler
		_Os2_scheduler
 This function uses a non-reentrant model


 *************** function _task5 *****************
 Defined at:
		line 420 in file "main.c"
 Parameters:    Size  Location     Type
		None
 Auto vars:     Size  Location     Type
		None
 Return value:  Size  Location     Type
                  1    wreg      void 
 Registers used:
		wreg, fsr0l, fsr0h, status,2, status,0, pclath, cstack
 Tracked objects:
		On entry : 
		On exit  : 
		Unchanged: 
 Data sizes:     COMMON   BANK0   BANK1   BANK3   BANK2
      Params:         0       0       0       0       0
      Locals:         0       0       0       0       0
      Temps:          0       0       0       0       0
      Totals:         0       0       0       0       0
Total ram usage:        0 bytes
 Hardware stack levels used:    1
 Hardware stack levels required when called:   10
 This function calls:
		_Disp_DisplayNb
 This function is called by:
		_main
		i1_Os2_scheduler
		_Os2_scheduler
 This function uses a non-reentrant model


 *************** function _Disp_DisplayNb *****************
 Defined at:
		line 21 in file "EcuAL/Disp.c"
 Parameters:    Size  Location     Type
  var             1    wreg     unsigned char 
  Mode            1   24[BANK0 ] enum E1254
 Auto vars:     Size  Location     Type
  var             1   27[BANK0 ] unsigned char 
 Return value:  Size  Location     Type
                  1    wreg      void 
 Registers used:
		wreg, fsr0l, fsr0h, status,2, status,0, pclath, cstack
 Tracked objects:
		On entry : 
		On exit  : 
		Unchanged: 
 Data sizes:     COMMON   BANK0   BANK1   BANK3   BANK2
      Params:         0       1       0       0       0
      Locals:         0       1       0       0       0
      Temps:          0       2       0       0       0
      Totals:         0       4       0       0       0
Total ram usage:        4 bytes
 Hardware stack levels used:    1
 Hardware stack levels required when called:    9
 This function calls:
		_Dio_WritePort
		_Disp_GetDislayValue
		___lbdiv
		___lbmod
		___lwdiv
		___lwmod
 This function is called by:
		_task5
 This function uses a non-reentrant model


 *************** function ___lwmod *****************
 Defined at:
		line 5 in file "C:\Program Files\Microchip\xc8\v2.20\pic\sources\c90\common\lwmod.c"
 Parameters:    Size  Location     Type
  divisor         2   19[BANK0 ] unsigned int 
  dividend        2   21[BANK0 ] unsigned int 
 Auto vars:     Size  Location     Type
  counter         1   23[BANK0 ] unsigned char 
 Return value:  Size  Location     Type
                  2   19[BANK0 ] unsigned int 
 Registers used:
		wreg, status,2, status,0
 Tracked objects:
		On entry : 
		On exit  : 
		Unchanged: 
 Data sizes:     COMMON   BANK0   BANK1   BANK3   BANK2
      Params:         0       4       0       0       0
      Locals:         0       1       0       0       0
      Temps:          0       0       0       0       0
      Totals:         0       5       0       0       0
Total ram usage:        5 bytes
 Hardware stack levels used:    1
 Hardware stack levels required when called:    8
 This function calls:
		Nothing
 This function is called by:
		_Disp_DisplayNb
 This function uses a non-reentrant model


 *************** function ___lbmod *****************
 Defined at:
		line 4 in file "C:\Program Files\Microchip\xc8\v2.20\pic\sources\c90\common\lbmod.c"
 Parameters:    Size  Location     Type
  dividend        1    wreg     unsigned char 
  divisor         1    6[BANK0 ] unsigned char 
 Auto vars:     Size  Location     Type
  dividend        1    8[BANK0 ] unsigned char 
  rem             1   10[BANK0 ] unsigned char 
  counter         1    9[BANK0 ] unsigned char 
 Return value:  Size  Location     Type
                  1    wreg      unsigned char 
 Registers used:
		wreg, status,2, status,0
 Tracked objects:
		On entry : 
		On exit  : 
		Unchanged: 
 Data sizes:     COMMON   BANK0   BANK1   BANK3   BANK2
      Params:         0       1       0       0       0
      Locals:         0       3       0       0       0
      Temps:          0       1       0       0       0
      Totals:         0       5       0       0       0
Total ram usage:        5 bytes
 Hardware stack levels used:    1
 Hardware stack levels required when called:    8
 This function calls:
		Nothing
 This function is called by:
		_Disp_DisplayNb
 This function uses a non-reentrant model


 *************** function ___lbdiv *****************
 Defined at:
		line 4 in file "C:\Program Files\Microchip\xc8\v2.20\pic\sources\c90\common\lbdiv.c"
 Parameters:    Size  Location     Type
  dividend        1    wreg     unsigned char 
  divisor         1    6[BANK0 ] unsigned char 
 Auto vars:     Size  Location     Type
  dividend        1    7[BANK0 ] unsigned char 
  quotient        1    9[BANK0 ] unsigned char 
  counter         1    8[BANK0 ] unsigned char 
 Return value:  Size  Location     Type
                  1    wreg      unsigned char 
 Registers used:
		wreg, status,2, status,0
 Tracked objects:
		On entry : 
		On exit  : 
		Unchanged: 
 Data sizes:     COMMON   BANK0   BANK1   BANK3   BANK2
      Params:         0       1       0       0       0
      Locals:         0       3       0       0       0
      Temps:          0       0       0       0       0
      Totals:         0       4       0       0       0
Total ram usage:        4 bytes
 Hardware stack levels used:    1
 Hardware stack levels required when called:    8
 This function calls:
		Nothing
 This function is called by:
		_Disp_DisplayNb
 This function uses a non-reentrant model


 *************** function _Disp_GetDislayValue *****************
 Defined at:
		line 63 in file "EcuAL/Disp.c"
 Parameters:    Size  Location     Type
  v               1    wreg     unsigned char 
 Auto vars:     Size  Location     Type
  v               1    8[BANK0 ] unsigned char 
 Return value:  Size  Location     Type
                  1    wreg      unsigned char 
 Registers used:
		wreg, fsr0l, fsr0h, status,2, status,0
 Tracked objects:
		On entry : 
		On exit  : 
		Unchanged: 
 Data sizes:     COMMON   BANK0   BANK1   BANK3   BANK2
      Params:         0       0       0       0       0
      Locals:         0       1       0       0       0
      Temps:          0       2       0       0       0
      Totals:         0       3       0       0       0
Total ram usage:        3 bytes
 Hardware stack levels used:    1
 Hardware stack levels required when called:    8
 This function calls:
		Nothing
 This function is called by:
		_Disp_DisplayNb
 This function uses a non-reentrant model


 *************** function _Dio_WritePort *****************
 Defined at:
		line 86 in file "MCAL/Dio.c"
 Parameters:    Size  Location     Type
  PortId          1    wreg     unsigned char 
  Level           1   11[BANK0 ] unsigned char 
 Auto vars:     Size  Location     Type
  PortId          1   12[BANK0 ] unsigned char 
  Port_Ptr        2   13[BANK0 ] PTR volatile unsigned ch
		 -> RAM(512), NULL(0), 
 Return value:  Size  Location     Type
                  1    wreg      void 
 Registers used:
		wreg, fsr0l, fsr0h, status,2
 Tracked objects:
		On entry : 
		On exit  : 
		Unchanged: 
 Data sizes:     COMMON   BANK0   BANK1   BANK3   BANK2
      Params:         0       1       0       0       0
      Locals:         0       3       0       0       0
      Temps:          0       0       0       0       0
      Totals:         0       4       0       0       0
Total ram usage:        4 bytes
 Hardware stack levels used:    1
 Hardware stack levels required when called:    8
 This function calls:
		Nothing
 This function is called by:
		_Disp_DisplayNb
 This function uses a non-reentrant model


 *************** function _Eep_Read *****************
 Defined at:
		line 71 in file "EcuAL/Eeprom.c"
 Parameters:    Size  Location     Type
  EepromAddres    1    wreg     unsigned char 
  DataBufferPt    1    7[BANK0 ] PTR unsigned char 
		 -> Eep_Compare@x(1), SetTemp(1), 
  Length          1    8[BANK0 ] unsigned char 
 Auto vars:     Size  Location     Type
  EepromAddres    1   13[BANK0 ] unsigned char 
  i               2   11[BANK0 ] unsigned int 
 Return value:  Size  Location     Type
                  1    wreg      unsigned char 
 Registers used:
		wreg, fsr0l, fsr0h, status,2, status,0, pclath, cstack
 Tracked objects:
		On entry : 
		On exit  : 
		Unchanged: 
 Data sizes:     COMMON   BANK0   BANK1   BANK3   BANK2
      Params:         0       2       0       0       0
      Locals:         0       3       0       0       0
      Temps:          0       2       0       0       0
      Totals:         0       7       0       0       0
Total ram usage:        7 bytes
 Hardware stack levels used:    1
 Hardware stack levels required when called:   10
 This function calls:
		_I2C_ACK
		_I2C_Master_RepeatedStart
		_I2C_Master_Start
		_I2C_Master_Stop
		_I2c_ReadIB
		_I2c_WriteIB
		_I2c_WriteSlaveAddress
 This function is called by:
		_task2
 This function uses a non-reentrant model


 *************** function _I2c_WriteSlaveAddress *****************
 Defined at:
		line 57 in file "MCAL/I2c.c"
 Parameters:    Size  Location     Type
  data            1    wreg     unsigned char 
 Auto vars:     Size  Location     Type
  data            1    6[BANK0 ] unsigned char 
 Return value:  Size  Location     Type
                  1    wreg      unsigned char 
 Registers used:
		wreg, status,2, status,0, pclath, cstack
 Tracked objects:
		On entry : 
		On exit  : 
		Unchanged: 
 Data sizes:     COMMON   BANK0   BANK1   BANK3   BANK2
      Params:         0       0       0       0       0
      Locals:         0       1       0       0       0
      Temps:          0       0       0       0       0
      Totals:         0       1       0       0       0
Total ram usage:        1 bytes
 Hardware stack levels used:    1
 Hardware stack levels required when called:    9
 This function calls:
		_I2C_Master_Wait
 This function is called by:
		_Eep_Read
 This function uses a non-reentrant model


 *************** function _I2c_WriteIB *****************
 Defined at:
		line 66 in file "MCAL/I2c.c"
 Parameters:    Size  Location     Type
  Channel         1    wreg     unsigned char 
  DataBufferPt    1    6[BANK0 ] PTR unsigned char 
		 -> Eep_Erase@x(1), Eep_Read@EepromAddress(1), Eep_Write@EepromAddress(1), 
 Auto vars:     Size  Location     Type
  Channel         1    0[COMMON] unsigned char 
 Return value:  Size  Location     Type
                  1    wreg      unsigned char 
 Registers used:
		wreg, fsr0l, fsr0h, status,2, status,0, pclath, cstack
 Tracked objects:
		On entry : 
		On exit  : 
		Unchanged: 
 Data sizes:     COMMON   BANK0   BANK1   BANK3   BANK2
      Params:         0       1       0       0       0
      Locals:         0       0       0       0       0
      Temps:          0       0       0       0       0
      Totals:         0       1       0       0       0
Total ram usage:        1 bytes
 Hardware stack levels used:    1
 Hardware stack levels required when called:    9
 This function calls:
		_I2C_Master_Wait
 This function is called by:
		_Eep_Read
 This function uses a non-reentrant model


 *************** function _I2c_ReadIB *****************
 Defined at:
		line 95 in file "MCAL/I2c.c"
 Parameters:    Size  Location     Type
  Channel         1    wreg     unsigned char 
  DataBufferPt    1    6[BANK0 ] PTR unsigned char 
		 -> Eep_Compare@x(1), SetTemp(1), 
 Auto vars:     Size  Location     Type
  Channel         1    0[COMMON] unsigned char 
 Return value:  Size  Location     Type
                  1    wreg      unsigned char 
 Registers used:
		wreg, fsr0l, fsr0h, status,2, status,0, pclath, cstack
 Tracked objects:
		On entry : 
		On exit  : 
		Unchanged: 
 Data sizes:     COMMON   BANK0   BANK1   BANK3   BANK2
      Params:         0       1       0       0       0
      Locals:         0       0       0       0       0
      Temps:          0       0       0       0       0
      Totals:         0       1       0       0       0
Total ram usage:        1 bytes
 Hardware stack levels used:    1
 Hardware stack levels required when called:    9
 This function calls:
		_I2C_Master_Wait
 This function is called by:
		_Eep_Read
 This function uses a non-reentrant model


 *************** function _I2C_Master_Stop *****************
 Defined at:
		line 146 in file "MCAL/I2c.c"
 Parameters:    Size  Location     Type
		None
 Auto vars:     Size  Location     Type
		None
 Return value:  Size  Location     Type
                  1    wreg      void 
 Registers used:
		wreg, status,2, status,0, pclath, cstack
 Tracked objects:
		On entry : 
		On exit  : 
		Unchanged: 
 Data sizes:     COMMON   BANK0   BANK1   BANK3   BANK2
      Params:         0       0       0       0       0
      Locals:         0       0       0       0       0
      Temps:          0       0       0       0       0
      Totals:         0       0       0       0       0
Total ram usage:        0 bytes
 Hardware stack levels used:    1
 Hardware stack levels required when called:    9
 This function calls:
		_I2C_Master_Wait
 This function is called by:
		_Eep_Read
 This function uses a non-reentrant model


 *************** function _I2C_Master_Start *****************
 Defined at:
		line 136 in file "MCAL/I2c.c"
 Parameters:    Size  Location     Type
		None
 Auto vars:     Size  Location     Type
		None
 Return value:  Size  Location     Type
                  1    wreg      void 
 Registers used:
		wreg, status,2, status,0, pclath, cstack
 Tracked objects:
		On entry : 
		On exit  : 
		Unchanged: 
 Data sizes:     COMMON   BANK0   BANK1   BANK3   BANK2
      Params:         0       0       0       0       0
      Locals:         0       0       0       0       0
      Temps:          0       0       0       0       0
      Totals:         0       0       0       0       0
Total ram usage:        0 bytes
 Hardware stack levels used:    1
 Hardware stack levels required when called:    9
 This function calls:
		_I2C_Master_Wait
 This function is called by:
		_Eep_Read
 This function uses a non-reentrant model


 *************** function _I2C_Master_RepeatedStart *****************
 Defined at:
		line 141 in file "MCAL/I2c.c"
 Parameters:    Size  Location     Type
		None
 Auto vars:     Size  Location     Type
		None
 Return value:  Size  Location     Type
                  1    wreg      void 
 Registers used:
		wreg, status,2, status,0, pclath, cstack
 Tracked objects:
		On entry : 
		On exit  : 
		Unchanged: 
 Data sizes:     COMMON   BANK0   BANK1   BANK3   BANK2
      Params:         0       0       0       0       0
      Locals:         0       0       0       0       0
      Temps:          0       0       0       0       0
      Totals:         0       0       0       0       0
Total ram usage:        0 bytes
 Hardware stack levels used:    1
 Hardware stack levels required when called:    9
 This function calls:
		_I2C_Master_Wait
 This function is called by:
		_Eep_Read
 This function uses a non-reentrant model


 *************** function _I2C_ACK *****************
 Defined at:
		line 152 in file "MCAL/I2c.c"
 Parameters:    Size  Location     Type
		None
 Auto vars:     Size  Location     Type
		None
 Return value:  Size  Location     Type
                  1    wreg      void 
 Registers used:
		wreg, status,2, status,0, pclath, cstack
 Tracked objects:
		On entry : 
		On exit  : 
		Unchanged: 
 Data sizes:     COMMON   BANK0   BANK1   BANK3   BANK2
      Params:         0       0       0       0       0
      Locals:         0       0       0       0       0
      Temps:          0       0       0       0       0
      Totals:         0       0       0       0       0
Total ram usage:        0 bytes
 Hardware stack levels used:    1
 Hardware stack levels required when called:    9
 This function calls:
		_I2C_Master_Wait
 This function is called by:
		_Eep_Read
 This function uses a non-reentrant model


 *************** function _I2C_Master_Wait *****************
 Defined at:
		line 132 in file "MCAL/I2c.c"
 Parameters:    Size  Location     Type
		None
 Auto vars:     Size  Location     Type
		None
 Return value:  Size  Location     Type
                  1    wreg      void 
 Registers used:
		wreg, status,2
 Tracked objects:
		On entry : 
		On exit  : 
		Unchanged: 
 Data sizes:     COMMON   BANK0   BANK1   BANK3   BANK2
      Params:         0       0       0       0       0
      Locals:         0       0       0       0       0
      Temps:          0       0       0       0       0
      Totals:         0       0       0       0       0
Total ram usage:        0 bytes
 Hardware stack levels used:    1
 Hardware stack levels required when called:    8
 This function calls:
		Nothing
 This function is called by:
		_I2c_WriteSlaveAddress
		_I2c_WriteIB
		_I2c_ReadIB
		_I2C_Master_Start
		_I2C_Master_RepeatedStart
		_I2C_Master_Stop
		_I2C_ACK
 This function uses a non-reentrant model


 *************** function _Dio_ReadChannel *****************
 Defined at:
		line 60 in file "MCAL/Dio.c"
 Parameters:    Size  Location     Type
  ChannelId       1    wreg     unsigned char 
 Auto vars:     Size  Location     Type
  ChannelId       1   11[BANK0 ] unsigned char 
  Pin_Ptr         2    8[BANK0 ] PTR volatile unsigned ch
		 -> RAM(512), NULL(0), 
  output          1   10[BANK0 ] enum E1176
  x               1    7[BANK0 ] unsigned char 
 Return value:  Size  Location     Type
                  1    wreg      enum E903
 Registers used:
		wreg, fsr0l, fsr0h, status,2, status,0
 Tracked objects:
		On entry : 
		On exit  : 
		Unchanged: 
 Data sizes:     COMMON   BANK0   BANK1   BANK3   BANK2
      Params:         0       0       0       0       0
      Locals:         0       5       0       0       0
      Temps:          0       1       0       0       0
      Totals:         0       6       0       0       0
Total ram usage:        6 bytes
 Hardware stack levels used:    1
 Hardware stack levels required when called:    8
 This function calls:
		Nothing
 This function is called by:
		_task1
		_task3
		_task4
 This function uses a non-reentrant model


 *************** function _Init_Task *****************
 Defined at:
		line 328 in file "main.c"
 Parameters:    Size  Location     Type
		None
 Auto vars:     Size  Location     Type
  i               2    1[BANK1 ] int 
 Return value:  Size  Location     Type
                  1    wreg      void 
 Registers used:
		wreg, fsr0l, fsr0h, status,2, status,0, btemp+1, pclath, cstack
 Tracked objects:
		On entry : 
		On exit  : 
		Unchanged: 
 Data sizes:     COMMON   BANK0   BANK1   BANK3   BANK2
      Params:         0       0       0       0       0
      Locals:         0       0       2       0       0
      Temps:          0       0       0       0       0
      Totals:         0       0       2       0       0
Total ram usage:        2 bytes
 Hardware stack levels used:    1
 Hardware stack levels required when called:   12
 This function calls:
		_Disp_Init
		_Eep_Init
		_Gpt_Init
		_Port_Init
		_TempSensor_Init
		_TempSystem_Init
 This function is called by:
		_Os2_start
 This function uses a non-reentrant model


 *************** function _TempSystem_Init *****************
 Defined at:
		line 6 in file "EcuAL/TempSystem.c"
 Parameters:    Size  Location     Type
  ConfigPtr       1    wreg     PTR struct .
		 -> TempSystem_Configurations(6), 
 Auto vars:     Size  Location     Type
  ConfigPtr       1    0[BANK1 ] PTR struct .
		 -> TempSystem_Configurations(6), 
 Return value:  Size  Location     Type
                  1    wreg      void 
 Registers used:
		wreg, fsr0l, fsr0h, status,2, status,0, btemp+1, pclath, cstack
 Tracked objects:
		On entry : 
		On exit  : 
		Unchanged: 
 Data sizes:     COMMON   BANK0   BANK1   BANK3   BANK2
      Params:         0       0       0       0       0
      Locals:         0       0       1       0       0
      Temps:          0       0       0       0       0
      Totals:         0       0       1       0       0
Total ram usage:        1 bytes
 Hardware stack levels used:    1
 Hardware stack levels required when called:   11
 This function calls:
		_Port_Init
		_Pwm_Init
 This function is called by:
		_Init_Task
 This function uses a non-reentrant model


 *************** function _Pwm_Init *****************
 Defined at:
		line 12 in file "MCAL/Pwm.c"
 Parameters:    Size  Location     Type
  ConfigPtr       1    wreg     PTR struct .
		 -> Pwm_Config(7), 
 Auto vars:     Size  Location     Type
  ConfigPtr       1   29[BANK0 ] PTR struct .
		 -> Pwm_Config(7), 
  Gpt_Config2     8   30[BANK0 ] struct .
  DutyCycle       2   27[BANK0 ] unsigned int 
 Return value:  Size  Location     Type
                  1    wreg      void 
 Registers used:
		wreg, fsr0l, fsr0h, status,2, status,0, btemp+1, pclath, cstack
 Tracked objects:
		On entry : 
		On exit  : 
		Unchanged: 
 Data sizes:     COMMON   BANK0   BANK1   BANK3   BANK2
      Params:         0       0       0       0       0
      Locals:         0      11       0       0       0
      Temps:          0       4       0       0       0
      Totals:         0      15       0       0       0
Total ram usage:       15 bytes
 Hardware stack levels used:    1
 Hardware stack levels required when called:   10
 This function calls:
		_Gpt_Init
		_Port_Init
		___aldiv
		___bmul
		___lwdiv
		___wmul
 This function is called by:
		_TempSystem_Init
 This function uses a non-reentrant model


 *************** function ___wmul *****************
 Defined at:
		line 15 in file "C:\Program Files\Microchip\xc8\v2.20\pic\sources\c90\common\Umul16.c"
 Parameters:    Size  Location     Type
  multiplier      2    6[BANK0 ] unsigned int 
  multiplicand    2    8[BANK0 ] unsigned int 
 Auto vars:     Size  Location     Type
  product         2   10[BANK0 ] unsigned int 
 Return value:  Size  Location     Type
                  2    6[BANK0 ] unsigned int 
 Registers used:
		wreg, status,2, status,0
 Tracked objects:
		On entry : 
		On exit  : 
		Unchanged: 
 Data sizes:     COMMON   BANK0   BANK1   BANK3   BANK2
      Params:         0       4       0       0       0
      Locals:         0       2       0       0       0
      Temps:          0       0       0       0       0
      Totals:         0       6       0       0       0
Total ram usage:        6 bytes
 Hardware stack levels used:    1
 Hardware stack levels required when called:    8
 This function calls:
		Nothing
 This function is called by:
		_Pwm_Init
 This function uses a non-reentrant model


 *************** function ___lwdiv *****************
 Defined at:
		line 5 in file "C:\Program Files\Microchip\xc8\v2.20\pic\sources\c90\common\lwdiv.c"
 Parameters:    Size  Location     Type
  divisor         2   12[BANK0 ] unsigned int 
  dividend        2   14[BANK0 ] unsigned int 
 Auto vars:     Size  Location     Type
  quotient        2   17[BANK0 ] unsigned int 
  counter         1   16[BANK0 ] unsigned char 
 Return value:  Size  Location     Type
                  2   12[BANK0 ] unsigned int 
 Registers used:
		wreg, status,2, status,0
[...]
      Params:         0       0       0       0       0
      Locals:         1       0       0       0       0
      Temps:          2       0       0       0       0
      Totals:         3       0       0       0       0
Total ram usage:        3 bytes
 Hardware stack levels used:    1
 This function calls:
		Nothing
 This function is called by:
		i1_Disp_DisplayNb
 This function uses a non-reentrant model


 *************** function i1_Dio_WritePort *****************
 Defined at:
		line 86 in file "MCAL/Dio.c"
 Parameters:    Size  Location     Type
  PortId          1    wreg     unsigned char 
  Level           1    5[COMMON] unsigned char 
 Auto vars:     Size  Location     Type
  PortId          1    6[COMMON] unsigned char 
  Port_Ptr        2    7[COMMON] PTR volatile unsigned ch
		 -> RAM(512), NULL(0), 
 Return value:  Size  Location     Type
                  1    wreg      void 
 Registers used:
		wreg, fsr0l, fsr0h, status,2
 Tracked objects:
		On entry : 
		On exit  : 
		Unchanged: 
 Data sizes:     COMMON   BANK0   BANK1   BANK3   BANK2
      Params:         1       0       0       0       0
      Locals:         3       0       0       0       0
      Temps:          0       0       0       0       0
      Totals:         4       0       0       0       0
Total ram usage:        4 bytes
 Hardware stack levels used:    1
 This function calls:
		Nothing
 This function is called by:
		i1_Disp_DisplayNb
 This function uses a non-reentrant model


 *************** function i1_Eep_Read *****************
 Defined at:
		line 71 in file "EcuAL/Eeprom.c"
 Parameters:    Size  Location     Type
  EepromAddres    1    wreg     unsigned char 
  DataBufferPt    1    1[COMMON] PTR unsigned char 
		 -> Eep_Compare@x(1), SetTemp(1), 
  Length          1    2[COMMON] unsigned char 
 Auto vars:     Size  Location     Type
  EepromAddres    1    7[COMMON] unsigned char 
  i               2    5[COMMON] unsigned int 
 Return value:  Size  Location     Type
                  1    wreg      unsigned char 
 Registers used:
		wreg, fsr0l, fsr0h, status,2, status,0, pclath, cstack
 Tracked objects:
		On entry : 
		On exit  : 
		Unchanged: 
 Data sizes:     COMMON   BANK0   BANK1   BANK3   BANK2
      Params:         2       0       0       0       0
      Locals:         3       0       0       0       0
      Temps:          2       0       0       0       0
      Totals:         7       0       0       0       0
Total ram usage:        7 bytes
 Hardware stack levels used:    1
 Hardware stack levels required when called:    2
 This function calls:
		i1_I2C_ACK
		i1_I2C_Master_RepeatedStart
		i1_I2C_Master_Start
		i1_I2C_Master_Stop
		i1_I2c_ReadIB
		i1_I2c_WriteIB
		i1_I2c_WriteSlaveAddress
 This function is called by:
		i1_task2
 This function uses a non-reentrant model


 *************** function i1_I2c_WriteSlaveAddress *****************
 Defined at:
		line 57 in file "MCAL/I2c.c"
 Parameters:    Size  Location     Type
  data            1    wreg     unsigned char 
 Auto vars:     Size  Location     Type
  data            1    0[COMMON] unsigned char 
 Return value:  Size  Location     Type
                  1    wreg      unsigned char 
 Registers used:
		wreg, status,2, status,0, pclath, cstack
 Tracked objects:
		On entry : 
		On exit  : 
		Unchanged: 
 Data sizes:     COMMON   BANK0   BANK1   BANK3   BANK2
      Params:         0       0       0       0       0
      Locals:         1       0       0       0       0
      Temps:          0       0       0       0       0
      Totals:         1       0       0       0       0
Total ram usage:        1 bytes
 Hardware stack levels used:    1
 Hardware stack levels required when called:    1
 This function calls:
		i1_I2C_Master_Wait
 This function is called by:
		i1_Eep_Read
 This function uses a non-reentrant model


 *************** function i1_I2c_WriteIB *****************
 Defined at:
		line 66 in file "MCAL/I2c.c"
 Parameters:    Size  Location     Type
  Channel         1    wreg     unsigned char 
  DataBufferPt    1    0[COMMON] PTR unsigned char 
		 -> i1Eep_Read@EepromAddress(1), Eep_Erase@x(1), Eep_Read@EepromAddress(1), Eep_Write@EepromAddress(1), 
 Auto vars:     Size  Location     Type
  Channel         1  (no storage) unsigned char 
 Return value:  Size  Location     Type
                  1    wreg      unsigned char 
 Registers used:
		wreg, fsr0l, fsr0h, status,2, status,0, pclath, cstack
 Tracked objects:
		On entry : 
		On exit  : 
		Unchanged: 
 Data sizes:     COMMON   BANK0   BANK1   BANK3   BANK2
      Params:         1       0       0       0       0
      Locals:         0       0       0       0       0
      Temps:          0       0       0       0       0
      Totals:         1       0       0       0       0
Total ram usage:        1 bytes
 Hardware stack levels used:    1
 Hardware stack levels required when called:    1
 This function calls:
		i1_I2C_Master_Wait
 This function is called by:
		i1_Eep_Read
 This function uses a non-reentrant model


 *************** function i1_I2c_ReadIB *****************
 Defined at:
		line 95 in file "MCAL/I2c.c"
 Parameters:    Size  Location     Type
  Channel         1    wreg     unsigned char 
  DataBufferPt    1    0[COMMON] PTR unsigned char 
		 -> Eep_Compare@x(1), SetTemp(1), 
 Auto vars:     Size  Location     Type
  Channel         1  (no storage) unsigned char 
 Return value:  Size  Location     Type
                  1    wreg      unsigned char 
 Registers used:
		wreg, fsr0l, fsr0h, status,2, status,0, pclath, cstack
 Tracked objects:
		On entry : 
		On exit  : 
		Unchanged: 
 Data sizes:     COMMON   BANK0   BANK1   BANK3   BANK2
      Params:         1       0       0       0       0
      Locals:         0       0       0       0       0
      Temps:          0       0       0       0       0
      Totals:         1       0       0       0       0
Total ram usage:        1 bytes
 Hardware stack levels used:    1
 Hardware stack levels required when called:    1
 This function calls:
		i1_I2C_Master_Wait
 This function is called by:
		i1_Eep_Read
 This function uses a non-reentrant model


 *************** function i1_I2C_Master_Stop *****************
 Defined at:
		line 146 in file "MCAL/I2c.c"
 Parameters:    Size  Location     Type
		None
 Auto vars:     Size  Location     Type
		None
 Return value:  Size  Location     Type
                  1    wreg      void 
 Registers used:
		wreg, status,2, status,0, pclath, cstack
 Tracked objects:
		On entry : 
		On exit  : 
		Unchanged: 
 Data sizes:     COMMON   BANK0   BANK1   BANK3   BANK2
      Params:         0       0       0       0       0
      Locals:         0       0       0       0       0
      Temps:          0       0       0       0       0
      Totals:         0       0       0       0       0
Total ram usage:        0 bytes
 Hardware stack levels used:    1
 Hardware stack levels required when called:    1
 This function calls:
		i1_I2C_Master_Wait
 This function is called by:
		i1_Eep_Read
 This function uses a non-reentrant model


 *************** function i1_I2C_Master_Start *****************
 Defined at:
		line 136 in file "MCAL/I2c.c"
 Parameters:    Size  Location     Type
		None
 Auto vars:     Size  Location     Type
		None
 Return value:  Size  Location     Type
                  1    wreg      void 
 Registers used:
		wreg, status,2, status,0, pclath, cstack
 Tracked objects:
		On entry : 
		On exit  : 
		Unchanged: 
 Data sizes:     COMMON   BANK0   BANK1   BANK3   BANK2
      Params:         0       0       0       0       0
      Locals:         0       0       0       0       0
      Temps:          0       0       0       0       0
      Totals:         0       0       0       0       0
Total ram usage:        0 bytes
 Hardware stack levels used:    1
 Hardware stack levels required when called:    1
 This function calls:
		i1_I2C_Master_Wait
 This function is called by:
		i1_Eep_Read
 This function uses a non-reentrant model


 *************** function i1_I2C_Master_RepeatedStart *****************
 Defined at:
		line 141 in file "MCAL/I2c.c"
 Parameters:    Size  Location     Type
		None
 Auto vars:     Size  Location     Type
		None
 Return value:  Size  Location     Type
                  1    wreg      void 
 Registers used:
		wreg, status,2, status,0, pclath, cstack
 Tracked objects:
		On entry : 
		On exit  : 
		Unchanged: 
 Data sizes:     COMMON   BANK0   BANK1   BANK3   BANK2
      Params:         0       0       0       0       0
      Locals:         0       0       0       0       0
      Temps:          0       0       0       0       0
      Totals:         0       0       0       0       0
Total ram usage:        0 bytes
 Hardware stack levels used:    1
 Hardware stack levels required when called:    1
 This function calls:
		i1_I2C_Master_Wait
 This function is called by:
		i1_Eep_Read
 This function uses a non-reentrant model


 *************** function i1_I2C_ACK *****************
 Defined at:
		line 152 in file "MCAL/I2c.c"
 Parameters:    Size  Location     Type
		None
 Auto vars:     Size  Location     Type
		None
 Return value:  Size  Location     Type
                  1    wreg      void 
 Registers used:
		wreg, status,2, status,0, pclath, cstack
 Tracked objects:
		On entry : 
		On exit  : 
		Unchanged: 
 Data sizes:     COMMON   BANK0   BANK1   BANK3   BANK2
      Params:         0       0       0       0       0
      Locals:         0       0       0       0       0
      Temps:          0       0       0       0       0
      Totals:         0       0       0       0       0
Total ram usage:        0 bytes
 Hardware stack levels used:    1
 Hardware stack levels required when called:    1
 This function calls:
		i1_I2C_Master_Wait
 This function is called by:
		i1_Eep_Read
 This function uses a non-reentrant model


 *************** function i1_I2C_Master_Wait *****************
 Defined at:
		line 132 in file "MCAL/I2c.c"
 Parameters:    Size  Location     Type
		None
 Auto vars:     Size  Location     Type
		None
 Return value:  Size  Location     Type
                  1    wreg      void 
 Registers used:
		wreg, status,2
 Tracked objects:
		On entry : 
		On exit  : 
		Unchanged: 
 Data sizes:     COMMON   BANK0   BANK1   BANK3   BANK2
      Params:         0       0       0       0       0
      Locals:         0       0       0       0       0
      Temps:          0       0       0       0       0
      Totals:         0       0       0       0       0
Total ram usage:        0 bytes
 Hardware stack levels used:    1
 This function calls:
		Nothing
 This function is called by:
		i1_I2c_WriteSlaveAddress
		i1_I2c_WriteIB
		i1_I2c_ReadIB
		i1_I2C_Master_Start
		i1_I2C_Master_RepeatedStart
		i1_I2C_Master_Stop
		i1_I2C_ACK
 This function uses a non-reentrant model


 *************** function i1_Dio_ReadChannel *****************
 Defined at:
		line 60 in file "MCAL/Dio.c"
 Parameters:    Size  Location     Type
  ChannelId       1    wreg     unsigned char 
 Auto vars:     Size  Location     Type
  ChannelId       1    5[COMMON] unsigned char 
  Pin_Ptr         2    2[COMMON] PTR volatile unsigned ch
		 -> RAM(512), NULL(0), 
  output          1    4[COMMON] enum E1176
  x               1    1[COMMON] unsigned char 
 Return value:  Size  Location     Type
                  1    wreg      enum E903
 Registers used:
		wreg, fsr0l, fsr0h, status,2, status,0
 Tracked objects:
		On entry : 
		On exit  : 
		Unchanged: 
 Data sizes:     COMMON   BANK0   BANK1   BANK3   BANK2
      Params:         0       0       0       0       0
      Locals:         5       0       0       0       0
      Temps:          1       0       0       0       0
      Totals:         6       0       0       0       0
Total ram usage:        6 bytes
 Hardware stack levels used:    1
 This function calls:
		Nothing
 This function is called by:
		i1_task1
		i1_task3
		i1_task4
 This function uses a non-reentrant model


 *************** function ___awdiv *****************
 Defined at:
		line 5 in file "C:\Program Files\Microchip\xc8\v2.20\pic\sources\c90\common\awdiv.c"
 Parameters:    Size  Location     Type
  divisor         2    0[COMMON] int 
  dividend        2    2[COMMON] int 
 Auto vars:     Size  Location     Type
  quotient        2    6[COMMON] int 
  sign            1    5[COMMON] unsigned char 
  counter         1    4[COMMON] unsigned char 
 Return value:  Size  Location     Type
                  2    0[COMMON] int 
 Registers used:
		wreg, status,2, status,0
 Tracked objects:
		On entry : 
		On exit  : 
		Unchanged: 
 Data sizes:     COMMON   BANK0   BANK1   BANK3   BANK2
      Params:         4       0       0       0       0
      Locals:         4       0       0       0       0
      Temps:          0       0       0       0       0
      Totals:         8       0       0       0       0
Total ram usage:        8 bytes
 Hardware stack levels used:    1
 This function calls:
		Nothing
 This function is called by:
		_Adc_CallbackFn
 This function uses a non-reentrant model


 *************** function _Adc_Handler *****************
 Defined at:
		line 72 in file "PostBuildConfig.c"
 Parameters:    Size  Location     Type
  x               1    0[COMMON] unsigned char 
 Auto vars:     Size  Location     Type
		None
 Return value:  Size  Location     Type
                  1    wreg      void 
 Registers used:
		None
 Tracked objects:
		On entry : 
		On exit  : 
		Unchanged: 
 Data sizes:     COMMON   BANK0   BANK1   BANK3   BANK2
      Params:         1       0       0       0       0
      Locals:         0       0       0       0       0
      Temps:          0       0       0       0       0
      Totals:         1       0       0       0       0
Total ram usage:        1 bytes
 Hardware stack levels used:    1
 This function calls:
		Nothing
 This function is called by:
		_Adc_CallbackFn
 This function uses a non-reentrant model



MODULE INFORMATION

Module		Function		Class		Link	Load	Size
EcuAL/Disp.c
		_Disp_Init     		CODE           	042E	0000	87
		_Disp_DisplayNb		CODE           	0499	0000	214
		_Disp_GetDislayValue		CODE           	057D	0000	79

EcuAL/Disp.c estimated size: 380

C:\Program Files\Microchip\xc8\v2.20\pic\sources\c90\common\lbmod.c
		___lbmod       		CODE           	0610	0000	29

C:\Program Files\Microchip\xc8\v2.20\pic\sources\c90\common\lbmod.c estimated size: 29

C:\Program Files\Microchip\xc8\v2.20\pic\sources\c90\common\aldiv.c
		___aldiv       		CODE           	02DE	0000	118

C:\Program Files\Microchip\xc8\v2.20\pic\sources\c90\common\aldiv.c estimated size: 118

MCAL/Dio.c
		_Dio_ReadChannel		CODE           	0E10	0000	47
		_Dio_WritePort 		CODE           	056E	0000	16

MCAL/Dio.c estimated size: 63

MCAL/I2c.c
		_I2C_Master_Wait		CODE           	0D83	0000	9
		_I2C_Master_Stop		CODE           	0DA0	0000	4
		_I2c_WriteSlaveAddress		CODE           	0D73	0000	17
		_I2C_Master_RepeatedStart		CODE           	0D70	0000	4
		_I2c_WriteIB   		CODE           	0D93	0000	14
		_I2C_ACK       		CODE           	0D8B	0000	6
		_I2C_Master_Start		CODE           	0D90	0000	4
		_I2c_ReadIB    		CODE           	0D24	0000	17
		_I2c_Init      		CODE           	0353	0000	72

MCAL/I2c.c estimated size: 147

C:\Program Files\Microchip\xc8\v2.20\pic\sources\c90\common\__lldiv.c
		___lldiv       		CODE           	0B64	0000	73

C:\Program Files\Microchip\xc8\v2.20\pic\sources\c90\common\__lldiv.c estimated size: 73

MCAL/adc.c
		_Adc_CallbackFn		CODE           	0C08	0000	51
		_Adc_Init      		CODE           	06FF	0000	113

MCAL/adc.c estimated size: 164

MCAL/Pwm.c
		_Pwm_Init      		CODE           	00D4	0000	173

MCAL/Pwm.c estimated size: 173

MCAL/Uart.c
		_Uart_RX_Callback		CODE           	0975	0000	10
		_Uart_TX_Callback		CODE           	07F9	0000	2

MCAL/Uart.c estimated size: 12

C:\Program Files\Microchip\xc8\v2.20\pic\sources\c90\common\lbdiv.c
		___lbdiv       		CODE           	05F5	0000	28

C:\Program Files\Microchip\xc8\v2.20\pic\sources\c90\common\lbdiv.c estimated size: 28

C:\Program Files\Microchip\xc8\v2.20\pic\sources\c90\common\lwmod.c
		___lwmod       		CODE           	062C	0000	37

C:\Program Files\Microchip\xc8\v2.20\pic\sources\c90\common\lwmod.c estimated size: 37

PostBuildConfig.c
		_Adc_Handler   		CODE           	07FA	0000	2

PostBuildConfig.c estimated size: 2

EcuAL/TempSystem.c
		_TempSystem_Init		CODE           	00BF	0000	22

EcuAL/TempSystem.c estimated size: 22

MCAL/Port.c
		_Port_Init     		CODE           	039A	0000	149
		_Port_InitPort 		CODE           	09F8	0000	34

MCAL/Port.c estimated size: 183

shared
		i1_task2       		CODE           	0C7F	0000	22
		i1___lbdiv     		CODE           	0F7B	0000	28
		i1_I2C_ACK     		CODE           	0CF7	0000	6
		i1_task5       		CODE           	0E3E	0000	18
		i1_Dio_ReadChannel		CODE           	06D3	0000	45
		i1_I2C_Master_Start		CODE           	0CFC	0000	4
		__stringtab    		STRING         	07AA	0000	7
		__i1fptable    		ENTRY          	0066	0000	40
		i1___lbmod     		CODE           	0F96	0000	29
		i1___lwdiv     		CODE           	0FB2	0000	43
		i1_I2c_ReadIB  		CODE           	0C94	0000	17
		i1_task1       		CODE           	0650	0000	29
		i1_Disp_DisplayNb		CODE           	0E4F	0000	208
		i1_task4       		CODE           	0697	0000	61
		i1___lwmod     		CODE           	0FDC	0000	37
		__initialization		CODE           	0015	0000	57
		i1_Disp_GetDislayValue		CODE           	0F2D	0000	79
		i1_I2C_Master_Wait		CODE           	0CEF	0000	9
		i1_I2C_Master_Stop		CODE           	0D0C	0000	4
		i1_task3       		CODE           	066C	0000	44
		i1_Eep_Read    		CODE           	0CA4	0000	58
		__fptable      		ENTRY          	0051	0000	22
		i1_I2c_WriteIB 		CODE           	0CFF	0000	14
		i1_I2c_WriteSlaveAddress		CODE           	0CE0	0000	16
		i1_I2C_Master_RepeatedStart		CODE           	0CDD	0000	4
		i1_Dio_WritePort		CODE           	0F1E	0000	16
		i1_Os2_scheduler		CODE           	0AE0	0000	64

shared estimated size: 981

EcuAL/TempSensor.c
		_TempSensor_Init		CODE           	0484	0000	5

EcuAL/TempSensor.c estimated size: 5

C:\Program Files\Microchip\xc8\v2.20\pic\sources\c90\common\Umul16.c
		___wmul        		CODE           	09BE	0000	26

C:\Program Files\Microchip\xc8\v2.20\pic\sources\c90\common\Umul16.c estimated size: 26

C:\Program Files\Microchip\xc8\v2.20\pic\sources\c90\common\lwdiv.c
		___lwdiv       		CODE           	05CB	0000	43

C:\Program Files\Microchip\xc8\v2.20\pic\sources\c90\common\lwdiv.c estimated size: 43

EcuAL/Eeprom.c
		_Eep_Read      		CODE           	0D34	0000	61
		_Eep_Init      		CODE           	09AB	0000	20

EcuAL/Eeprom.c estimated size: 81

OS/OS2.c
		_Os2_start     		CODE           	0B1F	0000	7
		_Os2_scheduler 		CODE           	0B25	0000	64
		_Os2_Init      		CODE           	09D7	0000	34
		_Os2_AddThreads		CODE           	0A19	0000	36

OS/OS2.c estimated size: 141

MCAL/Gpt.c
		_Gpt_Init      		CODE           	0180	0000	351
		_Interrupt_TimerCallbackFn		CODE           	097E	0000	15

MCAL/Gpt.c estimated size: 366

C:\Program Files\Microchip\xc8\v2.20\pic\sources\c90\common\Umul8.c
		___bmul        		CODE           	098C	0000	15

C:\Program Files\Microchip\xc8\v2.20\pic\sources\c90\common\Umul8.c estimated size: 15

main.c
		_task2         		CODE           	0D0F	0000	22
		_TickHandler   		CODE           	0ADE	0000	3
		_main          		CODE           	0A3C	0000	44
		_task3         		CODE           	0DBB	0000	38
		_task4         		CODE           	0DE0	0000	49
		_task5         		CODE           	0488	0000	18
		_Init_Task     		CODE           	008D	0000	51
		_task1         		CODE           	0DA3	0000	25

main.c estimated size: 250

MCAL/interrupt.c
		_ISR           		CODE           	0A9E	0000	65
		_Interrupt_Enable		CODE           	076F	0000	60

MCAL/interrupt.c estimated size: 125

C:\Program Files\Microchip\xc8\v2.20\pic\sources\c90\common\awdiv.c
		___awdiv       		CODE           	0C3A	0000	70

C:\Program Files\Microchip\xc8\v2.20\pic\sources\c90\common\awdiv.c estimated size: 70

